chave removida!
219
219
wubba lubba dub dub!
chave removida!
