chave removida!
chave nao encontrada!
wubba lubba dub dub!
chave removida!
chave removida!
